<?xml version="1.0" encoding="utf-8"?>
<TestRun id="a23c948f-b1bc-43ed-b0ff-31ee77b05ff7" name="Administrator@WIN-5J4MKK3TH7G 2020-03-04 22:07:17" runUser="WIN-5J4MKK3TH7G\Administrator" xmlns="http://microsoft.com/schemas/VisualStudio/TeamTest/2010">
  <Times creation="2020-03-04T22:07:17.5163220+08:00" queuing="2020-03-04T22:07:17.5163243+08:00" start="2020-03-04T22:06:50.0922883+08:00" finish="2020-03-04T22:07:17.5331933+08:00" />
  <TestSettings name="default" id="891a737f-0aeb-4b96-bcfa-6d75bf0c99e3">
    <Deployment runDeploymentRoot="Administrator_WIN-5J4MKK3TH7G_2020-03-04_22_07_17" />
  </TestSettings>
  <Results>
    <UnitTestResult executionId="a4391e42-25ec-4c6e-ada7-36bd8d76faf4" testId="8c88acca-3ca9-5828-d0e4-182fe37fb8c4" testName="UITest.Food_Test.Food_Test1" computerName="WIN-5J4MKK3TH7G" duration="00:00:24.7316550" startTime="2020-03-04T22:07:17.4673331+08:00" endTime="2020-03-04T22:07:17.4674674+08:00" testType="13cdc9d9-ddb5-4fa4-a97d-d965ccfc6d4b" outcome="Passed" testListId="8c84fa94-04c1-424b-9868-57a2d4851a1d" relativeResultsDirectory="a4391e42-25ec-4c6e-ada7-36bd8d76faf4" />
  </Results>
  <TestDefinitions>
    <UnitTest name="UITest.Food_Test.Food_Test1" storage="e:\desktop\idcf\boat-house\selenium\uitest\bin\debug\netcoreapp3.1\uitest.dll" id="8c88acca-3ca9-5828-d0e4-182fe37fb8c4">
      <Execution id="a4391e42-25ec-4c6e-ada7-36bd8d76faf4" />
      <TestMethod codeBase="E:\Desktop\idcf\boat-house\selenium\UITest\bin\Debug\netcoreapp3.1\UITest.dll" adapterTypeName="executor://xunit/VsTestRunner2/netcoreapp" className="UITest.Food_Test" name="UITest.Food_Test.Food_Test1" />
    </UnitTest>
  </TestDefinitions>
  <TestEntries>
    <TestEntry testId="8c88acca-3ca9-5828-d0e4-182fe37fb8c4" executionId="a4391e42-25ec-4c6e-ada7-36bd8d76faf4" testListId="8c84fa94-04c1-424b-9868-57a2d4851a1d" />
  </TestEntries>
  <TestLists>
    <TestList name="列表中未列出的结果" id="8c84fa94-04c1-424b-9868-57a2d4851a1d" />
    <TestList name="所有已加载的结果" id="19431567-8539-422a-85d7-44ee4e166bda" />
  </TestLists>
  <ResultSummary outcome="Completed">
    <Counters total="1" executed="1" passed="1" failed="0" error="0" timeout="0" aborted="0" inconclusive="0" passedButRunAborted="0" notRunnable="0" notExecuted="0" disconnected="0" warning="0" completed="0" inProgress="0" pending="0" />
    <Output>
      <StdOut>[xUnit.net 00:00:00.00] xUnit.net VSTest Adapter v2.4.1 (64-bit .NET Core 3.1.0)&#xD;
[xUnit.net 00:00:01.17]   Discovering: UITest&#xD;
[xUnit.net 00:00:01.23]   Discovered:  UITest&#xD;
[xUnit.net 00:00:01.24]   Starting:    UITest&#xD;
[xUnit.net 00:00:26.10]   Finished:    UITest&#xD;
</StdOut>
    </Output>
  </ResultSummary>
</TestRun>